Executing: notebooks/Notebook BC 044 - Piedecuesta in: D:\OneDrive - CELSIA S.A E.S.P\Proyectos\Eficiencia_Energetica\Bancolombia\Experimental\notebooks
Executing: notebooks/Notebook BC 061 - Carrera Primera in: D:\OneDrive - CELSIA S.A E.S.P\Proyectos\Eficiencia_Energetica\Bancolombia\Experimental\notebooks
Executing: notebooks/Notebook BC 185 - Llano Grande Palmira in: D:\OneDrive - CELSIA S.A E.S.P\Proyectos\Eficiencia_Energetica\Bancolombia\Experimental\notebooks
Executing: notebooks/Notebook BC 197 - Guatapuri in: D:\OneDrive - CELSIA S.A E.S.P\Proyectos\Eficiencia_Energetica\Bancolombia\Experimental\notebooks
Executing: notebooks/Notebook BC 205 - Villa Colombia in: D:\OneDrive - CELSIA S.A E.S.P\Proyectos\Eficiencia_Energetica\Bancolombia\Experimental\notebooks
Executing: notebooks/Notebook BC 210 - Banca Colombia Cartagena in: D:\OneDrive - CELSIA S.A E.S.P\Proyectos\Eficiencia_Energetica\Bancolombia\Experimental\notebooks
Executing: notebooks/Notebook BC 253 - Puerta del Norte in: D:\OneDrive - CELSIA S.A E.S.P\Proyectos\Eficiencia_Energetica\Bancolombia\Experimental\notebooks
Executing: notebooks/Notebook BC 291 - Las Palmas in: D:\OneDrive - CELSIA S.A E.S.P\Proyectos\Eficiencia_Energetica\Bancolombia\Experimental\notebooks
Executing: notebooks/Notebook BC 302 - Quebrada Seca in: D:\OneDrive - CELSIA S.A E.S.P\Proyectos\Eficiencia_Energetica\Bancolombia\Experimental\notebooks
Executing: notebooks/Notebook BC 306 - Barrancabermeja in: D:\OneDrive - CELSIA S.A E.S.P\Proyectos\Eficiencia_Energetica\Bancolombia\Experimental\notebooks
Executing: notebooks/Notebook BC 311 - Bello in: D:\OneDrive - CELSIA S.A E.S.P\Proyectos\Eficiencia_Energetica\Bancolombia\Experimental\notebooks
Executing: notebooks/Notebook BC 371 - Caucasia in: D:\OneDrive - CELSIA S.A E.S.P\Proyectos\Eficiencia_Energetica\Bancolombia\Experimental\notebooks
Executing: notebooks/Notebook BC 398 - Sucursal Mariquita in: D:\OneDrive - CELSIA S.A E.S.P\Proyectos\Eficiencia_Energetica\Bancolombia\Experimental\notebooks
Executing: notebooks/Notebook BC 424 - Honda in: D:\OneDrive - CELSIA S.A E.S.P\Proyectos\Eficiencia_Energetica\Bancolombia\Experimental\notebooks
Executing: notebooks/Notebook BC 453 - Pitalito in: D:\OneDrive - CELSIA S.A E.S.P\Proyectos\Eficiencia_Energetica\Bancolombia\Experimental\notebooks
Executing: notebooks/Notebook BC 459 - Campo Alegre in: D:\OneDrive - CELSIA S.A E.S.P\Proyectos\Eficiencia_Energetica\Bancolombia\Experimental\notebooks
Executing: notebooks/Notebook BC 495 - El Bosque in: D:\OneDrive - CELSIA S.A E.S.P\Proyectos\Eficiencia_Energetica\Bancolombia\Experimental\notebooks
Executing: notebooks/Notebook BC 496 - Iwanna in: D:\OneDrive - CELSIA S.A E.S.P\Proyectos\Eficiencia_Energetica\Bancolombia\Experimental\notebooks
Executing: notebooks/Notebook BC 514 - Centro Comercial Único in: D:\OneDrive - CELSIA S.A E.S.P\Proyectos\Eficiencia_Energetica\Bancolombia\Experimental\notebooks
Executing: notebooks/Notebook BC 613 - La America in: D:\OneDrive - CELSIA S.A E.S.P\Proyectos\Eficiencia_Energetica\Bancolombia\Experimental\notebooks
Executing: notebooks/Notebook BC 656 - Mayales in: D:\OneDrive - CELSIA S.A E.S.P\Proyectos\Eficiencia_Energetica\Bancolombia\Experimental\notebooks
Executing: notebooks/Notebook BC 659 - Girardot in: D:\OneDrive - CELSIA S.A E.S.P\Proyectos\Eficiencia_Energetica\Bancolombia\Experimental\notebooks
Executing: notebooks/Notebook BC 66 - Palmira in: D:\OneDrive - CELSIA S.A E.S.P\Proyectos\Eficiencia_Energetica\Bancolombia\Experimental\notebooks
Executing: notebooks/Notebook BC 678 - Paseo de la Castellana in: D:\OneDrive - CELSIA S.A E.S.P\Proyectos\Eficiencia_Energetica\Bancolombia\Experimental\notebooks
Executing: notebooks/Notebook BC 741 - Calima in: D:\OneDrive - CELSIA S.A E.S.P\Proyectos\Eficiencia_Energetica\Bancolombia\Experimental\notebooks
Executing: notebooks/Notebook BC 749 - Santa Monica in: D:\OneDrive - CELSIA S.A E.S.P\Proyectos\Eficiencia_Energetica\Bancolombia\Experimental\notebooks
Executing: notebooks/Notebook BC 750 - Roosevelt in: D:\OneDrive - CELSIA S.A E.S.P\Proyectos\Eficiencia_Energetica\Bancolombia\Experimental\notebooks
Executing: notebooks/Notebook BC 764 - Jamundí in: D:\OneDrive - CELSIA S.A E.S.P\Proyectos\Eficiencia_Energetica\Bancolombia\Experimental\notebooks
Executing: notebooks/Notebook BC 776 - Lebrija in: D:\OneDrive - CELSIA S.A E.S.P\Proyectos\Eficiencia_Energetica\Bancolombia\Experimental\notebooks
Executing: notebooks/Notebook BC 78 - El Cacique in: D:\OneDrive - CELSIA S.A E.S.P\Proyectos\Eficiencia_Energetica\Bancolombia\Experimental\notebooks
Executing: notebooks/Notebook BC 787 - Bocagrande Carrera Tercera in: D:\OneDrive - CELSIA S.A E.S.P\Proyectos\Eficiencia_Energetica\Bancolombia\Experimental\notebooks
Executing: notebooks/Notebook BC 789 - Manga in: D:\OneDrive - CELSIA S.A E.S.P\Proyectos\Eficiencia_Energetica\Bancolombia\Experimental\notebooks
Executing: notebooks/Notebook BC 792 - Paseo del comercio in: D:\OneDrive - CELSIA S.A E.S.P\Proyectos\Eficiencia_Energetica\Bancolombia\Experimental\notebooks



  - file: notebooks/Notebook BC 291 - Las Palmas
  - file: notebooks/Notebook BC 205 - Villa Colombia
  - file: notebooks/Notebook BC 799 - Floridablanca
  - file: notebooks/Notebook BC 210 - Banca Colombia Cartagena
  - file: notebooks/Notebook BC 741 - Calima
  - file: notebooks/Notebook BC 496 - Iwanna
  - file: notebooks/Notebook BC 750 - Roosevelt
  - file: notebooks/Notebook BC 311 - Bello
  - file: notebooks/Notebook BC 776 - Lebrija
  - file: notebooks/Notebook BC 656 - Mayales
  - file: notebooks/Notebook BC 514 - Centro Comercial Único
  - file: notebooks/Notebook BC 78 - El Cacique
  - file: notebooks/Notebook BC 253 - Puerta del Norte
  - file: notebooks/Notebook BC 459 - Campo Alegre
  - file: notebooks/Notebook BC 197 - Guatapuri
  - file: notebooks/Notebook BC 66 - Palmira
  - file: notebooks/Notebook BC 306 - Barrancabermeja
  - file: notebooks/Notebook BC 659 - Girardot
  - file: notebooks/Notebook BC 789 - Manga
  - file: notebooks/Notebook BC 792 - Paseo del comercio
  - file: notebooks/Notebook BC 302 - Quebrada Seca
  - file: notebooks/Notebook BC 061 - Carrera Primera
  - file: notebooks/Notebook BC 90 - Megamall
  - file: notebooks/Notebook BC 398 - Sucursal Mariquita
  - file: notebooks/Notebook BC 824 - Ventura Plaza
  - file: notebooks/Notebook BC 863 - Los Patios
  - file: notebooks/Notebook BC 424 - Honda
  - file: notebooks/Notebook BC 764 - Jamundí
  # - file: notebooks/Notebook BC 453 - Pitalito
  # - file: notebooks/Notebook BC 749 - Santa Monica
  - file: notebooks/Notebook BC 793 - Profesionales
  - file: notebooks/Notebook BC 371 - Caucasia
  - file: notebooks/Notebook BC 834 - San Mateo
  - file: notebooks/Notebook BC 613 - La America
  - file: notebooks/Notebook BC 044 - Piedecuesta
  - file: notebooks/Notebook BC 678 - Paseo de la Castellana
  - file: notebooks/Notebook BC 88 - Cúcuta
  - file: notebooks/Notebook BC 796 - Girón
  - file: notebooks/Notebook BC 495 - El Bosque
  - file: notebooks/Notebook BC 185 - Llano Grande Palmira
  - file: notebooks/Notebook BC 787 - Bocagrande Carrera Tercera